<html>
<body>
<pre>
<h1>µVision Build Log</h1>
<h2>Tool Versions:</h2>
IDE-Version: µVision V5.35.0.0
Copyright (C) 2021 ARM Ltd and ARM Germany GmbH. All rights reserved.
License Information: Aidiina T, polyu, LIC=----
 
Tool Versions:
Toolchain:       MDK-Lite  Version: 5.35.0.2
Toolchain Path:  C:\Keil_v5\ARM\ARMCLANG\Bin
C Compiler:      ArmClang.exe V6.16
Assembler:       Armasm.exe V6.16
Linker/Locator:  ArmLink.exe V6.16
Library Manager: ArmAr.exe V6.16
Hex Converter:   FromElf.exe V6.16
CPU DLL:         SARMCM3.DLL V5.35.0.2
Dialog DLL:      DCM.DLL V1.17.3.0
Target DLL:      STLink\ST-LINKIII-KEIL_SWO.dll V3.0.9.0
Dialog DLL:      TCM.DLL V1.53.0.0
 
<h2>Project:</h2>
C:\Users\Aidina\Documents\project2-path\project2\car.uvprojx
Project File Date:  11/05/2021

<h2>Output:</h2>
*** Using Compiler 'V6.16', folder: 'C:\Keil_v5\ARM\ARMCLANG\Bin'
Rebuild target 'Target 1'
compiling stm32f10x_gpio.c...
main.c(6): warning: no previous extern declaration for non-static variable 'temp1' [-Wmissing-variable-declarations]
int temp1 = 0;
    ^
main.c(6): note: declare 'static' if the variable is not intended to be used outside of this translation unit
int temp1 = 0;
^
main.c(9): warning: no previous extern declaration for non-static variable 'usart' [-Wmissing-variable-declarations]
char usart[17] = "123456789abcdefg0";
     ^
main.c(9): note: declare 'static' if the variable is not intended to be used outside of this translation unit
char usart[17] = "123456789abcdefg0";
^
main.c(20): warning: no previous prototype for function 'table' [-Wmissing-prototypes]
void table() {
     ^
main.c(20): note: declare 'static' if the function is not intended to be used outside of this translation unit
void table() {
^
static 
main.c(20): warning: this old-style function definition is not preceded by a prototype [-Wstrict-prototypes]
void table() {
          ^
main.c(57): warning: no previous extern declaration for non-static variable 'a' [-Wmissing-variable-declarations]
int a = 0;
    ^
main.c(57): note: declare 'static' if the variable is not intended to be used outside of this translation unit
int a = 0;
^
main.c(60): warning: no previous prototype for function 'SPI2_IRQHandler' [-Wmissing-prototypes]
void SPI2_IRQHandler() 
     ^
main.c(60): note: declare 'static' if the function is not intended to be used outside of this translation unit
void SPI2_IRQHandler() 
^
static 
main.c(60): warning: this old-style function definition is not preceded by a prototype [-Wstrict-prototypes]
void SPI2_IRQHandler() 
                    ^
main.c(308): warning: no previous prototype for function 'SysTick_Handler' [-Wmissing-prototypes]
void SysTick_Handler()
     ^
main.c(308): note: declare 'static' if the function is not intended to be used outside of this translation unit
void SysTick_Handler()
^
static 
main.c(308): warning: this old-style function definition is not preceded by a prototype [-Wstrict-prototypes]
void SysTick_Handler()
                    ^
main.c(8): warning: no previous extern declaration for non-static variable 'newArray' [-Wmissing-variable-declarations]
int newArray[256];
    ^
main.c(8): note: declare 'static' if the variable is not intended to be used outside of this translation unit
int newArray[256];
^
main.c(4): warning: unused variable 'curr' [-Wunused-variable]
static unsigned char curr = 0, prev = 0, temp2;
                     ^
main.c(4): warning: unused variable 'prev' [-Wunused-variable]
static unsigned char curr = 0, prev = 0, temp2;
                               ^
main.c(4): warning: unused variable 'temp2' [-Wunused-variable]
static unsigned char curr = 0, prev = 0, temp2;
                                         ^
main.c(7): warning: unused variable 'counter' [-Wunused-variable]
static unsigned char count = 0, counter = 0;
                                ^
14 warnings generated.
compiling main.c...
C:/Users/Aidina/AppData/Local/Arm/Packs/Keil/STM32F1xx_DFP/2.3.0/Device/StdPeriph_Driver/src/stm32f10x_spi.c(23): warning: In file included from...
C:/Users/Aidina/AppData/Local/Arm/Packs/Keil/STM32F1xx_DFP/2.3.0/Device/StdPeriph_Driver/inc\stm32f10x_spi.h(87): warning: padding size of 'I2S_InitTypeDef' with 2 bytes to alignment boundary [-Wpadded]
typedef struct
        ^
C:/Users/Aidina/AppData/Local/Arm/Packs/Keil/STM32F1xx_DFP/2.3.0/Device/StdPeriph_Driver/src/stm32f10x_spi.c(494): warning: implicit conversion loses integer precision: 'int' to 'uint16_t' (aka 'unsigned short') [-Wimplicit-int-conversion]
  itmask = (uint16_t)1 << (uint16_t)itpos;
         ~ ~~~~~~~~~~~~^~~~~~~~~~~~~~~~~~
C:/Users/Aidina/AppData/Local/Arm/Packs/Keil/STM32F1xx_DFP/2.3.0/Device/StdPeriph_Driver/src/stm32f10x_spi.c(839): warning: implicit conversion loses integer precision: 'int' to 'uint16_t' (aka 'unsigned short') [-Wimplicit-int-conversion]
  itpos = 0x01 << (SPI_I2S_IT & 0x0F);
        ~ ~~~~~^~~~~~~~~~~~~~~~~~~~~~
C:/Users/Aidina/AppData/Local/Arm/Packs/Keil/STM32F1xx_DFP/2.3.0/Device/StdPeriph_Driver/src/stm32f10x_spi.c(845): warning: implicit conversion loses integer precision: 'int' to 'uint16_t' (aka 'unsigned short') [-Wimplicit-int-conversion]
  itmask = 0x01 << itmask;
         ~ ~~~~~^~~~~~~~~
C:/Users/Aidina/AppData/Local/Arm/Packs/Keil/STM32F1xx_DFP/2.3.0/Device/StdPeriph_Driver/src/stm32f10x_spi.c(891): warning: implicit conversion loses integer precision: 'int' to 'uint16_t' (aka 'unsigned short') [-Wimplicit-int-conversion]
  itpos = 0x01 << (SPI_I2S_IT & 0x0F);
        ~ ~~~~~^~~~~~~~~~~~~~~~~~~~~~
5 warnings generated.
compiling stm32f10x_spi.c...
compiling stm32f10x_rcc.c...
C:/Users/Aidina/AppData/Local/Arm/Packs/Keil/STM32F1xx_DFP/2.3.0/Device/StdPeriph_Driver/src/misc.c(132): warning: implicit conversion loses integer precision: 'uint32_t' (aka 'unsigned int') to 'uint8_t' (aka 'unsigned char') [-Wimplicit-int-conversion]
    NVIC->IP[NVIC_InitStruct->NVIC_IRQChannel] = tmppriority;
                                               ~ ^~~~~~~~~~~
1 warning generated.
compiling misc.c...
init.c(1): warning: In file included from...
./PinMap.h(1): warning: In file included from...
C:/Users/Aidina/AppData/Local/Arm/Packs/Keil/STM32F1xx_DFP/2.3.0/Device/Include\stm32f10x.h(8302): warning: In file included from...
./RTE/Device/STM32F103RB\stm32f10x_conf.h(87): warning: In file included from...
C:/Users/Aidina/AppData/Local/Arm/Packs/Keil/STM32F1xx_DFP/2.3.0/Device/StdPeriph_Driver/inc\stm32f10x_tim.h(51): warning: padding size of 'TIM_TimeBaseInitTypeDef' with 1 byte to alignment boundary [-Wpadded]
typedef struct
        ^
init.c(1): warning: In file included from...
./PinMap.h(1): warning: In file included from...
C:/Users/Aidina/AppData/Local/Arm/Packs/Keil/STM32F1xx_DFP/2.3.0/Device/Include\stm32f10x.h(8302): warning: In file included from...
./RTE/Device/STM32F103RB\stm32f10x_conf.h(90): warning: In file included from...
C:/Users/Aidina/AppData/Local/Arm/Packs/Keil/STM32F1xx_DFP/2.3.0/Device/StdPeriph_Driver/inc\stm32f10x_usart.h(50): warning: padding size of 'USART_InitTypeDef' with 2 bytes to alignment boundary [-Wpadded]
typedef struct
        ^
2 warnings generated.
compiling init.c...
C:/Users/Aidina/AppData/Local/Arm/Packs/Keil/STM32F1xx_DFP/2.3.0/Device/StdPeriph_Driver/src/stm32f10x_tim.c(23): warning: In file included from...
C:/Users/Aidina/AppData/Local/Arm/Packs/Keil/STM32F1xx_DFP/2.3.0/Device/StdPeriph_Driver/inc\stm32f10x_tim.h(51): warning: padding size of 'TIM_TimeBaseInitTypeDef' with 1 byte to alignment boundary [-Wpadded]
typedef struct
        ^
C:/Users/Aidina/AppData/Local/Arm/Packs/Keil/STM32F1xx_DFP/2.3.0/Device/StdPeriph_Driver/src/stm32f10x_tim.c(726): warning: implicit conversion loses integer precision: 'unsigned int' to 'uint16_t' (aka 'unsigned short') [-Wimplicit-int-conversion]
             TIM_BDTRInitStruct->TIM_Break | TIM_BDTRInitStruct->TIM_BreakPolarity |
             ~~~~~~~~~~~~~~~~~~~~~~~~~~~~~~~~~~~~~~~~~~~~~~~~~~~~~~~~~~~~~~~~~~~~~~^
C:/Users/Aidina/AppData/Local/Arm/Packs/Keil/STM32F1xx_DFP/2.3.0/Device/StdPeriph_Driver/src/stm32f10x_tim.c(1983): warning: implicit conversion loses integer precision: 'int' to 'uint16_t' (aka 'unsigned short') [-Wimplicit-int-conversion]
  tmp = CCER_CCE_Set << TIM_Channel;
      ~ ~~~~~~~~~~~~~^~~~~~~~~~~~~~
C:/Users/Aidina/AppData/Local/Arm/Packs/Keil/STM32F1xx_DFP/2.3.0/Device/StdPeriph_Driver/src/stm32f10x_tim.c(2013): warning: implicit conversion loses integer precision: 'int' to 'uint16_t' (aka 'unsigned short') [-Wimplicit-int-conversion]
  tmp = CCER_CCNE_Set << TIM_Channel;
      ~ ~~~~~~~~~~~~~~^~~~~~~~~~~~~~
C:/Users/Aidina/AppData/Local/Arm/Packs/Keil/STM32F1xx_DFP/2.3.0/Device/StdPeriph_Driver/src/stm32f10x_tim.c(2058): warning: implicit conversion loses integer precision: 'int' to 'uint16_t' (aka 'unsigned short') [-Wimplicit-int-conversion]
  tmp1 = CCER_CCE_Set << (uint16_t)TIM_Channel;
       ~ ~~~~~~~~~~~~~^~~~~~~~~~~~~~~~~~~~~~~~
5 warnings generated.
compiling stm32f10x_tim.c...
C:/Users/Aidina/AppData/Local/Arm/Packs/Keil/STM32F1xx_DFP/2.3.0/Device/StdPeriph_Driver/src/stm32f10x_usart.c(23): warning: In file included from...
C:/Users/Aidina/AppData/Local/Arm/Packs/Keil/STM32F1xx_DFP/2.3.0/Device/StdPeriph_Driver/inc\stm32f10x_usart.h(50): warning: padding size of 'USART_InitTypeDef' with 2 bytes to alignment boundary [-Wpadded]
typedef struct
        ^
C:/Users/Aidina/AppData/Local/Arm/Packs/Keil/STM32F1xx_DFP/2.3.0/Device/StdPeriph_Driver/src/stm32f10x_usart.c(1043): warning: implicit conversion loses integer precision: 'int' to 'uint16_t' (aka 'unsigned short') [-Wimplicit-int-conversion]
  itmask = ((uint16_t)0x01 << (uint16_t)bitpos);
         ~  ~~~~~~~~~~~~~~~^~~~~~~~~~~~~~~~~~~
2 warnings generated.
compiling stm32f10x_usart.c...
assembling startup_stm32f10x_md.s...
RTE/Device/STM32F103RB/system_stm32f10x.c(167): warning: no previous extern declaration for non-static variable 'AHBPrescTable' [-Wmissing-variable-declarations]
__I uint8_t AHBPrescTable[16] = {0, 0, 0, 0, 0, 0, 0, 0, 1, 2, 3, 4, 6, 7, 8, 9};
            ^
RTE/Device/STM32F103RB/system_stm32f10x.c(167): note: declare 'static' if the variable is not intended to be used outside of this translation unit
__I uint8_t AHBPrescTable[16] = {0, 0, 0, 0, 0, 0, 0, 0, 1, 2, 3, 4, 6, 7, 8, 9};
    ^
1 warning generated.
compiling system_stm32f10x.c...
linking...
Program Size: Code=3604 RO-data=304 RW-data=4 ZI-data=1648  
FromELF: creating hex file...
".\Objects\car.axf" - 0 Error(s), 30 Warning(s).

<h2>Software Packages used:</h2>

Package Vendor: ARM
                http://www.keil.com/pack/ARM.CMSIS.5.8.0.pack
                ARM.CMSIS.5.8.0
                CMSIS (Common Microcontroller Software Interface Standard)
   * Component: CORE Version: 5.5.0

Package Vendor: Keil
                http://www.keil.com/pack/Keil.STM32F1xx_DFP.2.3.0.pack
                Keil.STM32F1xx_DFP.2.3.0
                STMicroelectronics STM32F1 Series Device Support, Drivers and Examples
   * Component: Startup Version: 1.0.0
   * Component: Framework Version: 3.5.1
   * Component: GPIO Version: 3.5.0
   * Component: RCC Version: 3.5.0
   * Component: SPI Version: 3.5.0
   * Component: TIM Version: 3.5.0
   * Component: USART Version: 3.5.0

<h2>Collection of Component include folders:</h2>
  .\RTE\Device\STM32F103RB
  .\RTE\_Target_1
  C:\Users\Aidina\AppData\Local\Arm\Packs\ARM\CMSIS\5.8.0\CMSIS\Core\Include
  C:\Users\Aidina\AppData\Local\Arm\Packs\Keil\STM32F1xx_DFP\2.3.0\Device\Include
  C:\Users\Aidina\AppData\Local\Arm\Packs\Keil\STM32F1xx_DFP\2.3.0\Device\StdPeriph_Driver\inc

<h2>Collection of Component Files used:</h2>

   * Component: ARM::CMSIS:CORE:5.5.0

   * Component: Keil::Device:Startup:1.0.0
      Source file:   Device\Source\ARM\startup_stm32f10x_md.s
      Source file:   Device\Source\system_stm32f10x.c
      Include file:  RTE_Driver\Config\RTE_Device.h
      Source file:   Device\Source\ARM\STM32F1xx_OPT.s

   * Component: Keil::Device:StdPeriph Drivers:Framework:3.5.1
      Include file:  Device\StdPeriph_Driver\inc\misc.h
      Source file:   Device\StdPeriph_Driver\templates\stm32f10x_it.c
      Source file:   Device\StdPeriph_Driver\templates\stm32f10x_conf.h
      Source file:   Device\StdPeriph_Driver\src\misc.c
      Include file:  Device\StdPeriph_Driver\templates\stm32f10x_it.h

   * Component: Keil::Device:StdPeriph Drivers:GPIO:3.5.0
      Include file:  Device\StdPeriph_Driver\inc\stm32f10x_gpio.h
      Source file:   Device\StdPeriph_Driver\src\stm32f10x_gpio.c

   * Component: Keil::Device:StdPeriph Drivers:RCC:3.5.0
      Include file:  Device\StdPeriph_Driver\inc\stm32f10x_rcc.h
      Source file:   Device\StdPeriph_Driver\src\stm32f10x_rcc.c

   * Component: Keil::Device:StdPeriph Drivers:SPI:3.5.0
      Source file:   Device\StdPeriph_Driver\src\stm32f10x_spi.c
      Include file:  Device\StdPeriph_Driver\inc\stm32f10x_spi.h

   * Component: Keil::Device:StdPeriph Drivers:TIM:3.5.0
      Include file:  Device\StdPeriph_Driver\inc\stm32f10x_tim.h
      Source file:   Device\StdPeriph_Driver\src\stm32f10x_tim.c

   * Component: Keil::Device:StdPeriph Drivers:USART:3.5.0
      Include file:  Device\StdPeriph_Driver\inc\stm32f10x_usart.h
      Source file:   Device\StdPeriph_Driver\src\stm32f10x_usart.c
Build Time Elapsed:  00:00:01
</pre>
</body>
</html>
